---
source: tui/src/chatwidget/tests/exec_flow.rs
assertion_line: 913
expression: value
---
• Ran echo preparing
  └ preparing

─ HH:MM ────────────────────────────────────────────────────────────────────────

• Final response.

─ HH:MM • Worked for 2m 05s ────────────────────────────────────────────────────
