---
source: tui/src/history_cell/cutex_mcp_display_tests.rs
assertion_line: 65
expression: all
---
• Calling · Job query · x
• Calling · Job read output · x
• Calling · Job cancel · x
• Calling · Message send · worker 二
• Calling · Agent create · worker
• Calling · Agent restart · worker
• Calling · Task request changes · t
• Calling · Task assign · as
