---
source: tui/src/history_cell/job_output_tests.rs
assertion_line: 19
expression: "lines.iter().map(ToString::to_string).collect::<Vec<_>>().join(\"\\n\")"
---
  stdout · 46 B returned ·
  bytes 7–52 · returned page
  Output gap reported by
  source
  Output truncated at source
  **plain** https://
  example.invalid
  🦀é
